apiVersion: v1
data:
  admin: "admin@kubeflow.org"
  gcp-sa: ""
kind: ConfigMap
metadata:
  labels:
    kustomize.component: profiles
  name: profiles-profiles-config-4mgcmtgk6t
  namespace: kubeflow
